// Jest Snapshot v1, https://goo.gl/fbAQLP

exports[`Footer Matches its snapshot 1`] = `
.emotion-7 {
  display: -webkit-box;
  display: -webkit-flex;
  display: -ms-flexbox;
  display: flex;
  font-size: 0.85rem;
  -webkit-flex-direction: row;
  -ms-flex-direction: row;
  flex-direction: row;
  padding: 0.4rem;
  font-family: Arimo;
  box-shadow: 0px 2px 4px 0px rgba(0,0,0,0.25);
  border-top: 5px solid black;
}

@media (max-width:600px) {
  .emotion-7 {
    -webkit-flex-direction: column;
    -ms-flex-direction: column;
    flex-direction: column;
  }
}

.emotion-5 {
  display: -webkit-box;
  display: -webkit-flex;
  display: -ms-flexbox;
  display: flex;
  -webkit-flex-direction: row;
  -ms-flex-direction: row;
  flex-direction: row;
}

@media (max-width:600px) {
  .emotion-5 {
    -webkit-flex-direction: column;
    -ms-flex-direction: column;
    flex-direction: column;
    text-align: center;
  }
}

.emotion-6 {
  text-align: right;
  margin-left: auto;
  -webkit-box-flex: 1;
  -webkit-flex-grow: 1;
  -ms-flex-positive: 1;
  flex-grow: 1;
}

@media (max-width:600px) {
  .emotion-6 {
    text-align: center;
    margin: auto;
  }
}

.emotion-0 {
  margin-right: 15px;
  -webkit-text-decoration: none;
  text-decoration: none;
  color: inherit;
}

@media (max-width:600px) {
  .emotion-0 {
    margin: auto;
  }
}

<footer
  class="emotion-7"
>
  <div
    class="emotion-5"
  >
    <a
      class="emotion-0"
      href="https://dailybruin.com/about"
    >
      About
    </a>
    <a
      class="emotion-0"
      href="https://dailybruin.com/contact"
    >
      Contact
    </a>
    <a
      class="emotion-0"
      href="https://dailybruin.com/advertise"
    >
      Advertise
    </a>
    <a
      class="emotion-0"
      href="https://apply.uclastudentmedia.com"
    >
      Work With Us
    </a>
    <a
      class="emotion-0"
      href="https://dailybruin.com/privacy"
    >
      Privacy
    </a>
  </div>
  <div
    class="emotion-6"
  >
    Copyright Â© Daily Bruin
  </div>
</footer>
`;
